// Jest Snapshot v1, https://goo.gl/fbAQLP

exports[`<CreateTransactionForm /> renders correctly 1`] = `
<Connect(Form(CreateTransactionForm))
  destroyOnUnmount={true}
  enableReinitialize={false}
  forceUnregisterOnUnmount={false}
  form="createAssetTransaction"
  getFormState={[Function]}
  initialValues={undefined}
  keepDirtyOnReinitialize={false}
  persistentSubmitErrors={false}
  pure={true}
  shouldAsyncValidate={[Function]}
  shouldError={[Function]}
  shouldValidate={[Function]}
  shouldWarn={[Function]}
  touchOnBlur={true}
  touchOnChange={false}
  updateUnregisteredFields={false}
/>
`;
